Using pip 26.1.1 from /home/warner/miniconda3/envs/sam3d_obj_4d/lib/python3.11/site-packages/pip (python 3.11)
Collecting git+https://github.com/facebookresearch/pytorch3d.git
  Cloning https://github.com/facebookresearch/pytorch3d.git to /tmp/pip-req-build-fxsi410v
  Running command git version
  git version 2.34.1
  Running command git clone --filter=blob:none https://github.com/facebookresearch/pytorch3d.git /tmp/pip-req-build-fxsi410v
  Cloning into '/tmp/pip-req-build-fxsi410v'...
  Updating files:   0% (2/1058)
  Updating files:   1% (11/1058)
  Updating files:   2% (22/1058)
  Updating files:   3% (32/1058)
  Updating files:   4% (43/1058)
  Updating files:   5% (53/1058)
  Updating files:   6% (64/1058)
  Updating files:   7% (75/1058)
  Updating files:   8% (85/1058)
  Updating files:   9% (96/1058)
  Updating files:  10% (106/1058)
  Updating files:  11% (117/1058)
  Updating files:  12% (127/1058)
  Updating files:  13% (138/1058)
  Updating files:  14% (149/1058)
  Updating files:  15% (159/1058)
  Updating files:  16% (170/1058)
  Updating files:  17% (180/1058)
  Updating files:  18% (191/1058)
  Updating files:  19% (202/1058)
  Updating files:  20% (212/1058)
  Updating files:  21% (223/1058)
  Updating files:  22% (233/1058)
  Updating files:  23% (244/1058)
  Updating files:  24% (254/1058)
  Updating files:  25% (265/1058)
  Updating files:  26% (276/1058)
  Updating files:  27% (286/1058)
  Updating files:  28% (297/1058)
  Updating files:  29% (307/1058)
  Updating files:  30% (318/1058)
  Updating files:  31% (328/1058)
  Updating files:  32% (339/1058)
  Updating files:  33% (350/1058)
  Updating files:  34% (360/1058)
  Updating files:  35% (371/1058)
  Updating files:  36% (381/1058)
  Updating files:  37% (392/1058)
  Updating files:  38% (403/1058)
  Updating files:  39% (413/1058)
  Updating files:  40% (424/1058)
  Updating files:  41% (434/1058)
  Updating files:  42% (445/1058)
  Updating files:  43% (455/1058)
  Updating files:  44% (466/1058)
  Updating files:  45% (477/1058)
  Updating files:  46% (487/1058)
  Updating files:  47% (498/1058)
  Updating files:  48% (508/1058)
  Updating files:  49% (519/1058)
  Updating files:  50% (529/1058)
  Updating files:  51% (540/1058)
  Updating files:  52% (551/1058)
  Updating files:  53% (561/1058)
  Updating files:  54% (572/1058)
  Updating files:  55% (582/1058)
  Updating files:  56% (593/1058)
  Updating files:  57% (604/1058)
  Updating files:  58% (614/1058)
  Updating files:  59% (625/1058)
  Updating files:  60% (635/1058)
  Updating files:  61% (646/1058)
  Updating files:  62% (656/1058)
  Updating files:  63% (667/1058)
  Updating files:  64% (678/1058)
  Updating files:  65% (688/1058)
  Updating files:  66% (699/1058)
  Updating files:  67% (709/1058)
  Updating files:  68% (720/1058)
  Updating files:  69% (731/1058)
  Updating files:  70% (741/1058)
  Updating files:  71% (752/1058)
  Updating files:  72% (762/1058)
  Updating files:  73% (773/1058)
  Updating files:  74% (783/1058)
  Updating files:  75% (794/1058)
  Updating files:  76% (805/1058)
  Updating files:  77% (815/1058)
  Updating files:  78% (826/1058)
  Updating files:  79% (836/1058)
  Updating files:  80% (847/1058)
  Updating files:  81% (857/1058)
  Updating files:  82% (868/1058)
  Updating files:  83% (879/1058)
  Updating files:  84% (889/1058)
  Updating files:  85% (900/1058)
  Updating files:  86% (910/1058)
  Updating files:  87% (921/1058)
  Updating files:  88% (932/1058)
  Updating files:  89% (942/1058)
  Updating files:  90% (953/1058)
  Updating files:  91% (963/1058)
  Updating files:  92% (974/1058)
  Updating files:  93% (984/1058)
  Updating files:  94% (995/1058)
  Updating files:  95% (1006/1058)
  Updating files:  96% (1016/1058)
  Updating files:  97% (1027/1058)
  Updating files:  98% (1037/1058)
  Updating files:  99% (1048/1058)
  Updating files: 100% (1058/1058)
  Updating files: 100% (1058/1058), done.
  Running command git rev-parse HEAD
  c307c64c7000cd370ff379be421bd92f6dec577b
  Resolved https://github.com/facebookresearch/pytorch3d.git to commit c307c64c7000cd370ff379be421bd92f6dec577b
  Running command git rev-parse HEAD
  c307c64c7000cd370ff379be421bd92f6dec577b
  Preparing metadata (pyproject.toml): started
  Running command Preparing metadata (pyproject.toml)
  <string>:99: UserWarning: The environment variable `CUB_HOME` was not found. NVIDIA CUB is required for compilation and can be downloaded from `https://github.com/NVIDIA/cub/releases`. You can unpack it to a location of your choice and set the environment variable `CUB_HOME` to the folder containing the `CMakeListst.txt` file.
  running dist_info
  creating /tmp/pip-modern-metadata-eh90spky/pytorch3d.egg-info
  writing /tmp/pip-modern-metadata-eh90spky/pytorch3d.egg-info/PKG-INFO
  writing dependency_links to /tmp/pip-modern-metadata-eh90spky/pytorch3d.egg-info/dependency_links.txt
  writing entry points to /tmp/pip-modern-metadata-eh90spky/pytorch3d.egg-info/entry_points.txt
  writing requirements to /tmp/pip-modern-metadata-eh90spky/pytorch3d.egg-info/requires.txt
  writing top-level names to /tmp/pip-modern-metadata-eh90spky/pytorch3d.egg-info/top_level.txt
  writing manifest file '/tmp/pip-modern-metadata-eh90spky/pytorch3d.egg-info/SOURCES.txt'
  reading manifest file '/tmp/pip-modern-metadata-eh90spky/pytorch3d.egg-info/SOURCES.txt'
  adding license file 'LICENSE'
  adding license file 'LICENSE-3RD-PARTY'
  writing manifest file '/tmp/pip-modern-metadata-eh90spky/pytorch3d.egg-info/SOURCES.txt'
  creating '/tmp/pip-modern-metadata-eh90spky/pytorch3d-0.7.9.dist-info'
  Preparing metadata (pyproject.toml): finished with status 'done'
Requirement already satisfied: iopath in /home/warner/miniconda3/envs/sam3d_obj_4d/lib/python3.11/site-packages (from pytorch3d==0.7.9) (0.1.10)
Requirement already satisfied: tqdm in /home/warner/miniconda3/envs/sam3d_obj_4d/lib/python3.11/site-packages (from iopath->pytorch3d==0.7.9) (4.67.3)
Requirement already satisfied: typing_extensions in /home/warner/miniconda3/envs/sam3d_obj_4d/lib/python3.11/site-packages (from iopath->pytorch3d==0.7.9) (4.15.0)
Requirement already satisfied: portalocker in /home/warner/miniconda3/envs/sam3d_obj_4d/lib/python3.11/site-packages (from iopath->pytorch3d==0.7.9) (3.2.0)
Building wheels for collected packages: pytorch3d
  Building wheel for pytorch3d (pyproject.toml): started
  Running command Building wheel for pytorch3d (pyproject.toml)
  <string>:99: UserWarning: The environment variable `CUB_HOME` was not found. NVIDIA CUB is required for compilation and can be downloaded from `https://github.com/NVIDIA/cub/releases`. You can unpack it to a location of your choice and set the environment variable `CUB_HOME` to the folder containing the `CMakeListst.txt` file.
  running bdist_wheel
  running build
  running build_py
  creating build/lib.linux-x86_64-cpython-311/projects
  copying projects/__init__.py -> build/lib.linux-x86_64-cpython-311/projects
  creating build/lib.linux-x86_64-cpython-311/pytorch3d
  copying pytorch3d/__init__.py -> build/lib.linux-x86_64-cpython-311/pytorch3d
  creating build/lib.linux-x86_64-cpython-311/pytorch3d/renderer
  copying pytorch3d/renderer/__init__.py -> build/lib.linux-x86_64-cpython-311/pytorch3d/renderer
  copying pytorch3d/renderer/compositing.py -> build/lib.linux-x86_64-cpython-311/pytorch3d/renderer
  copying pytorch3d/renderer/lighting.py -> build/lib.linux-x86_64-cpython-311/pytorch3d/renderer
  copying pytorch3d/renderer/camera_conversions.py -> build/lib.linux-x86_64-cpython-311/pytorch3d/renderer
  copying pytorch3d/renderer/blending.py -> build/lib.linux-x86_64-cpython-311/pytorch3d/renderer
  copying pytorch3d/renderer/utils.py -> build/lib.linux-x86_64-cpython-311/pytorch3d/renderer
  copying pytorch3d/renderer/fisheyecameras.py -> build/lib.linux-x86_64-cpython-311/pytorch3d/renderer
  copying pytorch3d/renderer/materials.py -> build/lib.linux-x86_64-cpython-311/pytorch3d/renderer
  copying pytorch3d/renderer/cameras.py -> build/lib.linux-x86_64-cpython-311/pytorch3d/renderer
  copying pytorch3d/renderer/splatter_blend.py -> build/lib.linux-x86_64-cpython-311/pytorch3d/renderer
  copying pytorch3d/renderer/camera_utils.py -> build/lib.linux-x86_64-cpython-311/pytorch3d/renderer
  creating build/lib.linux-x86_64-cpython-311/pytorch3d/ops
  copying pytorch3d/ops/__init__.py -> build/lib.linux-x86_64-cpython-311/pytorch3d/ops
  copying pytorch3d/ops/points_normals.py -> build/lib.linux-x86_64-cpython-311/pytorch3d/ops
  copying pytorch3d/ops/interp_face_attrs.py -> build/lib.linux-x86_64-cpython-311/pytorch3d/ops
  copying pytorch3d/ops/cubify.py -> build/lib.linux-x86_64-cpython-311/pytorch3d/ops
  copying pytorch3d/ops/marching_cubes.py -> build/lib.linux-x86_64-cpython-311/pytorch3d/ops
  copying pytorch3d/ops/laplacian_matrices.py -> build/lib.linux-x86_64-cpython-311/pytorch3d/ops
  copying pytorch3d/ops/subdivide_meshes.py -> build/lib.linux-x86_64-cpython-311/pytorch3d/ops
  copying pytorch3d/ops/cameras_alignment.py -> build/lib.linux-x86_64-cpython-311/pytorch3d/ops
  copying pytorch3d/ops/knn.py -> build/lib.linux-x86_64-cpython-311/pytorch3d/ops
  copying pytorch3d/ops/points_alignment.py -> build/lib.linux-x86_64-cpython-311/pytorch3d/ops
  copying pytorch3d/ops/graph_conv.py -> build/lib.linux-x86_64-cpython-311/pytorch3d/ops
  copying pytorch3d/ops/ball_query.py -> build/lib.linux-x86_64-cpython-311/pytorch3d/ops
  copying pytorch3d/ops/points_to_volumes.py -> build/lib.linux-x86_64-cpython-311/pytorch3d/ops
  copying pytorch3d/ops/sample_points_from_meshes.py -> build/lib.linux-x86_64-cpython-311/pytorch3d/ops
  copying pytorch3d/ops/utils.py -> build/lib.linux-x86_64-cpython-311/pytorch3d/ops
  copying pytorch3d/ops/perspective_n_points.py -> build/lib.linux-x86_64-cpython-311/pytorch3d/ops
  copying pytorch3d/ops/mesh_face_areas_normals.py -> build/lib.linux-x86_64-cpython-311/pytorch3d/ops
  copying pytorch3d/ops/vert_align.py -> build/lib.linux-x86_64-cpython-311/pytorch3d/ops
  copying pytorch3d/ops/marching_cubes_data.py -> build/lib.linux-x86_64-cpython-311/pytorch3d/ops
  copying pytorch3d/ops/mesh_filtering.py -> build/lib.linux-x86_64-cpython-311/pytorch3d/ops
  copying pytorch3d/ops/iou_box3d.py -> build/lib.linux-x86_64-cpython-311/pytorch3d/ops
  copying pytorch3d/ops/packed_to_padded.py -> build/lib.linux-x86_64-cpython-311/pytorch3d/ops
  copying pytorch3d/ops/sample_farthest_points.py -> build/lib.linux-x86_64-cpython-311/pytorch3d/ops
  creating build/lib.linux-x86_64-cpython-311/pytorch3d/vis
  copying pytorch3d/vis/__init__.py -> build/lib.linux-x86_64-cpython-311/pytorch3d/vis
  copying pytorch3d/vis/plotly_vis.py -> build/lib.linux-x86_64-cpython-311/pytorch3d/vis
  copying pytorch3d/vis/texture_vis.py -> build/lib.linux-x86_64-cpython-311/pytorch3d/vis
  creating build/lib.linux-x86_64-cpython-311/pytorch3d/transforms
  copying pytorch3d/transforms/__init__.py -> build/lib.linux-x86_64-cpython-311/pytorch3d/transforms
  copying pytorch3d/transforms/rotation_conversions.py -> build/lib.linux-x86_64-cpython-311/pytorch3d/transforms
  copying pytorch3d/transforms/so3.py -> build/lib.linux-x86_64-cpython-311/pytorch3d/transforms
  copying pytorch3d/transforms/transform3d.py -> build/lib.linux-x86_64-cpython-311/pytorch3d/transforms
  copying pytorch3d/transforms/math.py -> build/lib.linux-x86_64-cpython-311/pytorch3d/transforms
  copying pytorch3d/transforms/se3.py -> build/lib.linux-x86_64-cpython-311/pytorch3d/transforms
  creating build/lib.linux-x86_64-cpython-311/pytorch3d/common
  copying pytorch3d/common/__init__.py -> build/lib.linux-x86_64-cpython-311/pytorch3d/common
  copying pytorch3d/common/datatypes.py -> build/lib.linux-x86_64-cpython-311/pytorch3d/common
  copying pytorch3d/common/linear_with_repeat.py -> build/lib.linux-x86_64-cpython-311/pytorch3d/common
  copying pytorch3d/common/compat.py -> build/lib.linux-x86_64-cpython-311/pytorch3d/common
  creating build/lib.linux-x86_64-cpython-311/pytorch3d/structures
  copying pytorch3d/structures/__init__.py -> build/lib.linux-x86_64-cpython-311/pytorch3d/structures
  copying pytorch3d/structures/pointclouds.py -> build/lib.linux-x86_64-cpython-311/pytorch3d/structures
  copying pytorch3d/structures/meshes.py -> build/lib.linux-x86_64-cpython-311/pytorch3d/structures
  copying pytorch3d/structures/volumes.py -> build/lib.linux-x86_64-cpython-311/pytorch3d/structures
  copying pytorch3d/structures/utils.py -> build/lib.linux-x86_64-cpython-311/pytorch3d/structures
  creating build/lib.linux-x86_64-cpython-311/pytorch3d/datasets
  copying pytorch3d/datasets/__init__.py -> build/lib.linux-x86_64-cpython-311/pytorch3d/datasets
  copying pytorch3d/datasets/utils.py -> build/lib.linux-x86_64-cpython-311/pytorch3d/datasets
  copying pytorch3d/datasets/shapenet_base.py -> build/lib.linux-x86_64-cpython-311/pytorch3d/datasets
  creating build/lib.linux-x86_64-cpython-311/pytorch3d/io
  copying pytorch3d/io/__init__.py -> build/lib.linux-x86_64-cpython-311/pytorch3d/io
  copying pytorch3d/io/pluggable.py -> build/lib.linux-x86_64-cpython-311/pytorch3d/io
  copying pytorch3d/io/pluggable_formats.py -> build/lib.linux-x86_64-cpython-311/pytorch3d/io
  copying pytorch3d/io/utils.py -> build/lib.linux-x86_64-cpython-311/pytorch3d/io
  copying pytorch3d/io/mtl_io.py -> build/lib.linux-x86_64-cpython-311/pytorch3d/io
  copying pytorch3d/io/ply_io.py -> build/lib.linux-x86_64-cpython-311/pytorch3d/io
  copying pytorch3d/io/obj_io.py -> build/lib.linux-x86_64-cpython-311/pytorch3d/io
  copying pytorch3d/io/off_io.py -> build/lib.linux-x86_64-cpython-311/pytorch3d/io
  copying pytorch3d/io/experimental_gltf_io.py -> build/lib.linux-x86_64-cpython-311/pytorch3d/io
  creating build/lib.linux-x86_64-cpython-311/pytorch3d/loss
  copying pytorch3d/loss/__init__.py -> build/lib.linux-x86_64-cpython-311/pytorch3d/loss
  copying pytorch3d/loss/point_mesh_distance.py -> build/lib.linux-x86_64-cpython-311/pytorch3d/loss
  copying pytorch3d/loss/mesh_laplacian_smoothing.py -> build/lib.linux-x86_64-cpython-311/pytorch3d/loss
  copying pytorch3d/loss/mesh_normal_consistency.py -> build/lib.linux-x86_64-cpython-311/pytorch3d/loss
  copying pytorch3d/loss/chamfer.py -> build/lib.linux-x86_64-cpython-311/pytorch3d/loss
  copying pytorch3d/loss/mesh_edge_loss.py -> build/lib.linux-x86_64-cpython-311/pytorch3d/loss
  creating build/lib.linux-x86_64-cpython-311/pytorch3d/utils
  copying pytorch3d/utils/__init__.py -> build/lib.linux-x86_64-cpython-311/pytorch3d/utils
  copying pytorch3d/utils/torus.py -> build/lib.linux-x86_64-cpython-311/pytorch3d/utils
  copying pytorch3d/utils/camera_conversions.py -> build/lib.linux-x86_64-cpython-311/pytorch3d/utils
  copying pytorch3d/utils/checkerboard.py -> build/lib.linux-x86_64-cpython-311/pytorch3d/utils
  copying pytorch3d/utils/ico_sphere.py -> build/lib.linux-x86_64-cpython-311/pytorch3d/utils
  creating build/lib.linux-x86_64-cpython-311/pytorch3d/implicitron
  copying pytorch3d/implicitron/__init__.py -> build/lib.linux-x86_64-cpython-311/pytorch3d/implicitron
  copying pytorch3d/implicitron/eval_demo.py -> build/lib.linux-x86_64-cpython-311/pytorch3d/implicitron
  creating build/lib.linux-x86_64-cpython-311/pytorch3d/renderer/mesh
  copying pytorch3d/renderer/mesh/__init__.py -> build/lib.linux-x86_64-cpython-311/pytorch3d/renderer/mesh
  copying pytorch3d/renderer/mesh/clip.py -> build/lib.linux-x86_64-cpython-311/pytorch3d/renderer/mesh
  copying pytorch3d/renderer/mesh/rasterizer.py -> build/lib.linux-x86_64-cpython-311/pytorch3d/renderer/mesh
  copying pytorch3d/renderer/mesh/shading.py -> build/lib.linux-x86_64-cpython-311/pytorch3d/renderer/mesh
  copying pytorch3d/renderer/mesh/rasterize_meshes.py -> build/lib.linux-x86_64-cpython-311/pytorch3d/renderer/mesh
  copying pytorch3d/renderer/mesh/utils.py -> build/lib.linux-x86_64-cpython-311/pytorch3d/renderer/mesh
  copying pytorch3d/renderer/mesh/renderer.py -> build/lib.linux-x86_64-cpython-311/pytorch3d/renderer/mesh
  copying pytorch3d/renderer/mesh/shader.py -> build/lib.linux-x86_64-cpython-311/pytorch3d/renderer/mesh
  copying pytorch3d/renderer/mesh/textures.py -> build/lib.linux-x86_64-cpython-311/pytorch3d/renderer/mesh
  creating build/lib.linux-x86_64-cpython-311/pytorch3d/renderer/points
  copying pytorch3d/renderer/points/__init__.py -> build/lib.linux-x86_64-cpython-311/pytorch3d/renderer/points
  copying pytorch3d/renderer/points/rasterize_points.py -> build/lib.linux-x86_64-cpython-311/pytorch3d/renderer/points
  copying pytorch3d/renderer/points/rasterizer.py -> build/lib.linux-x86_64-cpython-311/pytorch3d/renderer/points
  copying pytorch3d/renderer/points/renderer.py -> build/lib.linux-x86_64-cpython-311/pytorch3d/renderer/points
  copying pytorch3d/renderer/points/compositor.py -> build/lib.linux-x86_64-cpython-311/pytorch3d/renderer/points
  creating build/lib.linux-x86_64-cpython-311/pytorch3d/renderer/opengl
  copying pytorch3d/renderer/opengl/__init__.py -> build/lib.linux-x86_64-cpython-311/pytorch3d/renderer/opengl
  copying pytorch3d/renderer/opengl/rasterizer_opengl.py -> build/lib.linux-x86_64-cpython-311/pytorch3d/renderer/opengl
  copying pytorch3d/renderer/opengl/opengl_utils.py -> build/lib.linux-x86_64-cpython-311/pytorch3d/renderer/opengl
  creating build/lib.linux-x86_64-cpython-311/pytorch3d/renderer/implicit
  copying pytorch3d/renderer/implicit/sample_pdf.py -> build/lib.linux-x86_64-cpython-311/pytorch3d/renderer/implicit
  copying pytorch3d/renderer/implicit/__init__.py -> build/lib.linux-x86_64-cpython-311/pytorch3d/renderer/implicit
  copying pytorch3d/renderer/implicit/raysampling.py -> build/lib.linux-x86_64-cpython-311/pytorch3d/renderer/implicit
  copying pytorch3d/renderer/implicit/raymarching.py -> build/lib.linux-x86_64-cpython-311/pytorch3d/renderer/implicit
  copying pytorch3d/renderer/implicit/harmonic_embedding.py -> build/lib.linux-x86_64-cpython-311/pytorch3d/renderer/implicit
  copying pytorch3d/renderer/implicit/utils.py -> build/lib.linux-x86_64-cpython-311/pytorch3d/renderer/implicit
  copying pytorch3d/renderer/implicit/renderer.py -> build/lib.linux-x86_64-cpython-311/pytorch3d/renderer/implicit
  creating build/lib.linux-x86_64-cpython-311/pytorch3d/renderer/points/pulsar
  copying pytorch3d/renderer/points/pulsar/__init__.py -> build/lib.linux-x86_64-cpython-311/pytorch3d/renderer/points/pulsar
  copying pytorch3d/renderer/points/pulsar/renderer.py -> build/lib.linux-x86_64-cpython-311/pytorch3d/renderer/points/pulsar
  copying pytorch3d/renderer/points/pulsar/unified.py -> build/lib.linux-x86_64-cpython-311/pytorch3d/renderer/points/pulsar
  creating build/lib.linux-x86_64-cpython-311/pytorch3d/common/workaround
  copying pytorch3d/common/workaround/__init__.py -> build/lib.linux-x86_64-cpython-311/pytorch3d/common/workaround
  copying pytorch3d/common/workaround/symeig3x3.py -> build/lib.linux-x86_64-cpython-311/pytorch3d/common/workaround
  copying pytorch3d/common/workaround/utils.py -> build/lib.linux-x86_64-cpython-311/pytorch3d/common/workaround
  creating build/lib.linux-x86_64-cpython-311/pytorch3d/datasets/r2n2
  copying pytorch3d/datasets/r2n2/__init__.py -> build/lib.linux-x86_64-cpython-311/pytorch3d/datasets/r2n2
  copying pytorch3d/datasets/r2n2/utils.py -> build/lib.linux-x86_64-cpython-311/pytorch3d/datasets/r2n2
  copying pytorch3d/datasets/r2n2/r2n2.py -> build/lib.linux-x86_64-cpython-311/pytorch3d/datasets/r2n2
  creating build/lib.linux-x86_64-cpython-311/pytorch3d/datasets/shapenet
  copying pytorch3d/datasets/shapenet/__init__.py -> build/lib.linux-x86_64-cpython-311/pytorch3d/datasets/shapenet
  copying pytorch3d/datasets/shapenet/shapenet_core.py -> build/lib.linux-x86_64-cpython-311/pytorch3d/datasets/shapenet
  creating build/lib.linux-x86_64-cpython-311/pytorch3d/implicitron/dataset
  copying pytorch3d/implicitron/dataset/__init__.py -> build/lib.linux-x86_64-cpython-311/pytorch3d/implicitron/dataset
  copying pytorch3d/implicitron/dataset/data_loader_map_provider.py -> build/lib.linux-x86_64-cpython-311/pytorch3d/implicitron/dataset
  copying pytorch3d/implicitron/dataset/types.py -> build/lib.linux-x86_64-cpython-311/pytorch3d/implicitron/dataset
  copying pytorch3d/implicitron/dataset/dataset_base.py -> build/lib.linux-x86_64-cpython-311/pytorch3d/implicitron/dataset
  copying pytorch3d/implicitron/dataset/rendered_mesh_dataset_map_provider.py -> build/lib.linux-x86_64-cpython-311/pytorch3d/implicitron/dataset
  copying pytorch3d/implicitron/dataset/visualize.py -> build/lib.linux-x86_64-cpython-311/pytorch3d/implicitron/dataset
  copying pytorch3d/implicitron/dataset/data_source.py -> build/lib.linux-x86_64-cpython-311/pytorch3d/implicitron/dataset
  copying pytorch3d/implicitron/dataset/json_index_dataset.py -> build/lib.linux-x86_64-cpython-311/pytorch3d/implicitron/dataset
  copying pytorch3d/implicitron/dataset/orm_types.py -> build/lib.linux-x86_64-cpython-311/pytorch3d/implicitron/dataset
  copying pytorch3d/implicitron/dataset/train_eval_data_loader_provider.py -> build/lib.linux-x86_64-cpython-311/pytorch3d/implicitron/dataset
  copying pytorch3d/implicitron/dataset/dataset_map_provider.py -> build/lib.linux-x86_64-cpython-311/pytorch3d/implicitron/dataset
  copying pytorch3d/implicitron/dataset/json_index_dataset_map_provider.py -> build/lib.linux-x86_64-cpython-311/pytorch3d/implicitron/dataset
  copying pytorch3d/implicitron/dataset/sql_dataset_provider.py -> build/lib.linux-x86_64-cpython-311/pytorch3d/implicitron/dataset
  copying pytorch3d/implicitron/dataset/scene_batch_sampler.py -> build/lib.linux-x86_64-cpython-311/pytorch3d/implicitron/dataset
  copying pytorch3d/implicitron/dataset/utils.py -> build/lib.linux-x86_64-cpython-311/pytorch3d/implicitron/dataset
  copying pytorch3d/implicitron/dataset/sql_dataset.py -> build/lib.linux-x86_64-cpython-311/pytorch3d/implicitron/dataset
  copying pytorch3d/implicitron/dataset/frame_data.py -> build/lib.linux-x86_64-cpython-311/pytorch3d/implicitron/dataset
  copying pytorch3d/implicitron/dataset/single_sequence_dataset.py -> build/lib.linux-x86_64-cpython-311/pytorch3d/implicitron/dataset
  copying pytorch3d/implicitron/dataset/json_index_dataset_map_provider_v2.py -> build/lib.linux-x86_64-cpython-311/pytorch3d/implicitron/dataset
  creating build/lib.linux-x86_64-cpython-311/pytorch3d/implicitron/tools
  copying pytorch3d/implicitron/tools/__init__.py -> build/lib.linux-x86_64-cpython-311/pytorch3d/implicitron/tools
  copying pytorch3d/implicitron/tools/point_cloud_utils.py -> build/lib.linux-x86_64-cpython-311/pytorch3d/implicitron/tools
  copying pytorch3d/implicitron/tools/vis_utils.py -> build/lib.linux-x86_64-cpython-311/pytorch3d/implicitron/tools
  copying pytorch3d/implicitron/tools/stats.py -> build/lib.linux-x86_64-cpython-311/pytorch3d/implicitron/tools
  copying pytorch3d/implicitron/tools/video_writer.py -> build/lib.linux-x86_64-cpython-311/pytorch3d/implicitron/tools
  copying pytorch3d/implicitron/tools/rasterize_mc.py -> build/lib.linux-x86_64-cpython-311/pytorch3d/implicitron/tools
  copying pytorch3d/implicitron/tools/model_io.py -> build/lib.linux-x86_64-cpython-311/pytorch3d/implicitron/tools
  copying pytorch3d/implicitron/tools/eval_video_trajectory.py -> build/lib.linux-x86_64-cpython-311/pytorch3d/implicitron/tools
  copying pytorch3d/implicitron/tools/utils.py -> build/lib.linux-x86_64-cpython-311/pytorch3d/implicitron/tools
  copying pytorch3d/implicitron/tools/config.py -> build/lib.linux-x86_64-cpython-311/pytorch3d/implicitron/tools
  copying pytorch3d/implicitron/tools/metric_utils.py -> build/lib.linux-x86_64-cpython-311/pytorch3d/implicitron/tools
  copying pytorch3d/implicitron/tools/depth_cleanup.py -> build/lib.linux-x86_64-cpython-311/pytorch3d/implicitron/tools
  copying pytorch3d/implicitron/tools/circle_fitting.py -> build/lib.linux-x86_64-cpython-311/pytorch3d/implicitron/tools
  copying pytorch3d/implicitron/tools/image_utils.py -> build/lib.linux-x86_64-cpython-311/pytorch3d/implicitron/tools
  copying pytorch3d/implicitron/tools/camera_utils.py -> build/lib.linux-x86_64-cpython-311/pytorch3d/implicitron/tools
  creating build/lib.linux-x86_64-cpython-311/pytorch3d/implicitron/third_party
  copying pytorch3d/implicitron/third_party/__init__.py -> build/lib.linux-x86_64-cpython-311/pytorch3d/implicitron/third_party
  copying pytorch3d/implicitron/third_party/pytorch_prototyping.py -> build/lib.linux-x86_64-cpython-311/pytorch3d/implicitron/third_party
  copying pytorch3d/implicitron/third_party/hyperlayers.py -> build/lib.linux-x86_64-cpython-311/pytorch3d/implicitron/third_party
  creating build/lib.linux-x86_64-cpython-311/pytorch3d/implicitron/models
  copying pytorch3d/implicitron/models/__init__.py -> build/lib.linux-x86_64-cpython-311/pytorch3d/implicitron/models
  copying pytorch3d/implicitron/models/generic_model.py -> build/lib.linux-x86_64-cpython-311/pytorch3d/implicitron/models
  copying pytorch3d/implicitron/models/overfit_model.py -> build/lib.linux-x86_64-cpython-311/pytorch3d/implicitron/models
  copying pytorch3d/implicitron/models/model_dbir.py -> build/lib.linux-x86_64-cpython-311/pytorch3d/implicitron/models
  copying pytorch3d/implicitron/models/metrics.py -> build/lib.linux-x86_64-cpython-311/pytorch3d/implicitron/models
  copying pytorch3d/implicitron/models/utils.py -> build/lib.linux-x86_64-cpython-311/pytorch3d/implicitron/models
  copying pytorch3d/implicitron/models/base_model.py -> build/lib.linux-x86_64-cpython-311/pytorch3d/implicitron/models
  creating build/lib.linux-x86_64-cpython-311/pytorch3d/implicitron/evaluation
  copying pytorch3d/implicitron/evaluation/__init__.py -> build/lib.linux-x86_64-cpython-311/pytorch3d/implicitron/evaluation
  copying pytorch3d/implicitron/evaluation/evaluate_new_view_synthesis.py -> build/lib.linux-x86_64-cpython-311/pytorch3d/implicitron/evaluation
  copying pytorch3d/implicitron/evaluation/evaluator.py -> build/lib.linux-x86_64-cpython-311/pytorch3d/implicitron/evaluation
  creating build/lib.linux-x86_64-cpython-311/pytorch3d/implicitron/models/renderer
  copying pytorch3d/implicitron/models/renderer/__init__.py -> build/lib.linux-x86_64-cpython-311/pytorch3d/implicitron/models/renderer
  copying pytorch3d/implicitron/models/renderer/multipass_ea.py -> build/lib.linux-x86_64-cpython-311/pytorch3d/implicitron/models/renderer
  copying pytorch3d/implicitron/models/renderer/ray_tracing.py -> build/lib.linux-x86_64-cpython-311/pytorch3d/implicitron/models/renderer
  copying pytorch3d/implicitron/models/renderer/lstm_renderer.py -> build/lib.linux-x86_64-cpython-311/pytorch3d/implicitron/models/renderer
  copying pytorch3d/implicitron/models/renderer/ray_point_refiner.py -> build/lib.linux-x86_64-cpython-311/pytorch3d/implicitron/models/renderer
  copying pytorch3d/implicitron/models/renderer/base.py -> build/lib.linux-x86_64-cpython-311/pytorch3d/implicitron/models/renderer
  copying pytorch3d/implicitron/models/renderer/rgb_net.py -> build/lib.linux-x86_64-cpython-311/pytorch3d/implicitron/models/renderer
  copying pytorch3d/implicitron/models/renderer/sdf_renderer.py -> build/lib.linux-x86_64-cpython-311/pytorch3d/implicitron/models/renderer
  copying pytorch3d/implicitron/models/renderer/raymarcher.py -> build/lib.linux-x86_64-cpython-311/pytorch3d/implicitron/models/renderer
  copying pytorch3d/implicitron/models/renderer/ray_sampler.py -> build/lib.linux-x86_64-cpython-311/pytorch3d/implicitron/models/renderer
  creating build/lib.linux-x86_64-cpython-311/pytorch3d/implicitron/models/implicit_function
  copying pytorch3d/implicitron/models/implicit_function/__init__.py -> build/lib.linux-x86_64-cpython-311/pytorch3d/implicitron/models/implicit_function
  copying pytorch3d/implicitron/models/implicit_function/idr_feature_field.py -> build/lib.linux-x86_64-cpython-311/pytorch3d/implicitron/models/implicit_function
  copying pytorch3d/implicitron/models/implicit_function/base.py -> build/lib.linux-x86_64-cpython-311/pytorch3d/implicitron/models/implicit_function
  copying pytorch3d/implicitron/models/implicit_function/utils.py -> build/lib.linux-x86_64-cpython-311/pytorch3d/implicitron/models/implicit_function
  copying pytorch3d/implicitron/models/implicit_function/voxel_grid.py -> build/lib.linux-x86_64-cpython-311/pytorch3d/implicitron/models/implicit_function
  copying pytorch3d/implicitron/models/implicit_function/scene_representation_networks.py -> build/lib.linux-x86_64-cpython-311/pytorch3d/implicitron/models/implicit_function
  copying pytorch3d/implicitron/models/implicit_function/decoding_functions.py -> build/lib.linux-x86_64-cpython-311/pytorch3d/implicitron/models/implicit_function
  copying pytorch3d/implicitron/models/implicit_function/voxel_grid_implicit_function.py -> build/lib.linux-x86_64-cpython-311/pytorch3d/implicitron/models/implicit_function
  copying pytorch3d/implicitron/models/implicit_function/neural_radiance_field.py -> build/lib.linux-x86_64-cpython-311/pytorch3d/implicitron/models/implicit_function
  creating build/lib.linux-x86_64-cpython-311/pytorch3d/implicitron/models/feature_extractor
  copying pytorch3d/implicitron/models/feature_extractor/__init__.py -> build/lib.linux-x86_64-cpython-311/pytorch3d/implicitron/models/feature_extractor
  copying pytorch3d/implicitron/models/feature_extractor/resnet_feature_extractor.py -> build/lib.linux-x86_64-cpython-311/pytorch3d/implicitron/models/feature_extractor
  copying pytorch3d/implicitron/models/feature_extractor/feature_extractor.py -> build/lib.linux-x86_64-cpython-311/pytorch3d/implicitron/models/feature_extractor
  creating build/lib.linux-x86_64-cpython-311/pytorch3d/implicitron/models/visualization
  copying pytorch3d/implicitron/models/visualization/__init__.py -> build/lib.linux-x86_64-cpython-311/pytorch3d/implicitron/models/visualization
  copying pytorch3d/implicitron/models/visualization/render_flyaround.py -> build/lib.linux-x86_64-cpython-311/pytorch3d/implicitron/models/visualization
  creating build/lib.linux-x86_64-cpython-311/pytorch3d/implicitron/models/global_encoder
  copying pytorch3d/implicitron/models/global_encoder/__init__.py -> build/lib.linux-x86_64-cpython-311/pytorch3d/implicitron/models/global_encoder
  copying pytorch3d/implicitron/models/global_encoder/autodecoder.py -> build/lib.linux-x86_64-cpython-311/pytorch3d/implicitron/models/global_encoder
  copying pytorch3d/implicitron/models/global_encoder/global_encoder.py -> build/lib.linux-x86_64-cpython-311/pytorch3d/implicitron/models/global_encoder
  creating build/lib.linux-x86_64-cpython-311/pytorch3d/implicitron/models/view_pooler
  copying pytorch3d/implicitron/models/view_pooler/__init__.py -> build/lib.linux-x86_64-cpython-311/pytorch3d/implicitron/models/view_pooler
  copying pytorch3d/implicitron/models/view_pooler/feature_aggregator.py -> build/lib.linux-x86_64-cpython-311/pytorch3d/implicitron/models/view_pooler
  copying pytorch3d/implicitron/models/view_pooler/view_pooler.py -> build/lib.linux-x86_64-cpython-311/pytorch3d/implicitron/models/view_pooler
  copying pytorch3d/implicitron/models/view_pooler/view_sampler.py -> build/lib.linux-x86_64-cpython-311/pytorch3d/implicitron/models/view_pooler
  creating build/lib.linux-x86_64-cpython-311/pytorch3d/implicitron_trainer
  copying projects/implicitron_trainer/__init__.py -> build/lib.linux-x86_64-cpython-311/pytorch3d/implicitron_trainer
  copying projects/implicitron_trainer/visualize_reconstruction.py -> build/lib.linux-x86_64-cpython-311/pytorch3d/implicitron_trainer
  copying projects/implicitron_trainer/experiment.py -> build/lib.linux-x86_64-cpython-311/pytorch3d/implicitron_trainer
  copying pytorch3d/datasets/r2n2/r2n2_synset_dict.json -> build/lib.linux-x86_64-cpython-311/pytorch3d/datasets/r2n2
  copying pytorch3d/datasets/shapenet/shapenet_synset_dict_v2.json -> build/lib.linux-x86_64-cpython-311/pytorch3d/datasets/shapenet
  copying pytorch3d/datasets/shapenet/shapenet_synset_dict_v1.json -> build/lib.linux-x86_64-cpython-311/pytorch3d/datasets/shapenet
  running build_ext
  Traceback (most recent call last):
    File "/home/warner/miniconda3/envs/sam3d_obj_4d/lib/python3.11/site-packages/pip/_vendor/pyproject_hooks/_in_process/_in_process.py", line 389, in <module>
      main()
    File "/home/warner/miniconda3/envs/sam3d_obj_4d/lib/python3.11/site-packages/pip/_vendor/pyproject_hooks/_in_process/_in_process.py", line 373, in main
      json_out["return_val"] = hook(**hook_input["kwargs"])
                               ^^^^^^^^^^^^^^^^^^^^^^^^^^^^
    File "/home/warner/miniconda3/envs/sam3d_obj_4d/lib/python3.11/site-packages/pip/_vendor/pyproject_hooks/_in_process/_in_process.py", line 280, in build_wheel
      return _build_backend().build_wheel(
             ^^^^^^^^^^^^^^^^^^^^^^^^^^^^^
    File "/home/warner/miniconda3/envs/sam3d_obj_4d/lib/python3.11/site-packages/setuptools/build_meta.py", line 441, in build_wheel
      return _build(['bdist_wheel', '--dist-info-dir', str(metadata_directory)])
             ^^^^^^^^^^^^^^^^^^^^^^^^^^^^^^^^^^^^^^^^^^^^^^^^^^^^^^^^^^^^^^^^^^^
    File "/home/warner/miniconda3/envs/sam3d_obj_4d/lib/python3.11/site-packages/setuptools/build_meta.py", line 429, in _build
      return self._build_with_temp_dir(
             ^^^^^^^^^^^^^^^^^^^^^^^^^^
    File "/home/warner/miniconda3/envs/sam3d_obj_4d/lib/python3.11/site-packages/setuptools/build_meta.py", line 410, in _build_with_temp_dir
      self.run_setup()
    File "/home/warner/miniconda3/envs/sam3d_obj_4d/lib/python3.11/site-packages/setuptools/build_meta.py", line 520, in run_setup
      super().run_setup(setup_script=setup_script)
    File "/home/warner/miniconda3/envs/sam3d_obj_4d/lib/python3.11/site-packages/setuptools/build_meta.py", line 317, in run_setup
      exec(code, locals())
    File "<string>", line 159, in <module>
    File "/home/warner/miniconda3/envs/sam3d_obj_4d/lib/python3.11/site-packages/setuptools/__init__.py", line 117, in setup
      return distutils.core.setup(**attrs)  # type: ignore[return-value]
             ^^^^^^^^^^^^^^^^^^^^^^^^^^^^^
    File "/home/warner/miniconda3/envs/sam3d_obj_4d/lib/python3.11/site-packages/setuptools/_distutils/core.py", line 186, in setup
      return run_commands(dist)
             ^^^^^^^^^^^^^^^^^^
    File "/home/warner/miniconda3/envs/sam3d_obj_4d/lib/python3.11/site-packages/setuptools/_distutils/core.py", line 202, in run_commands
      dist.run_commands()
    File "/home/warner/miniconda3/envs/sam3d_obj_4d/lib/python3.11/site-packages/setuptools/_distutils/dist.py", line 1000, in run_commands
      self.run_command(cmd)
    File "/home/warner/miniconda3/envs/sam3d_obj_4d/lib/python3.11/site-packages/setuptools/dist.py", line 1107, in run_command
      super().run_command(command)
    File "/home/warner/miniconda3/envs/sam3d_obj_4d/lib/python3.11/site-packages/setuptools/_distutils/dist.py", line 1019, in run_command
      cmd_obj.run()
    File "/home/warner/miniconda3/envs/sam3d_obj_4d/lib/python3.11/site-packages/setuptools/command/bdist_wheel.py", line 370, in run
      self.run_command("build")
    File "/home/warner/miniconda3/envs/sam3d_obj_4d/lib/python3.11/site-packages/setuptools/_distutils/cmd.py", line 341, in run_command
      self.distribution.run_command(command)
    File "/home/warner/miniconda3/envs/sam3d_obj_4d/lib/python3.11/site-packages/setuptools/dist.py", line 1107, in run_command
      super().run_command(command)
    File "/home/warner/miniconda3/envs/sam3d_obj_4d/lib/python3.11/site-packages/setuptools/_distutils/dist.py", line 1019, in run_command
      cmd_obj.run()
    File "/home/warner/miniconda3/envs/sam3d_obj_4d/lib/python3.11/site-packages/setuptools/_distutils/command/build.py", line 135, in run
      self.run_command(cmd_name)
    File "/home/warner/miniconda3/envs/sam3d_obj_4d/lib/python3.11/site-packages/setuptools/_distutils/cmd.py", line 341, in run_command
      self.distribution.run_command(command)
    File "/home/warner/miniconda3/envs/sam3d_obj_4d/lib/python3.11/site-packages/setuptools/dist.py", line 1107, in run_command
      super().run_command(command)
    File "/home/warner/miniconda3/envs/sam3d_obj_4d/lib/python3.11/site-packages/setuptools/_distutils/dist.py", line 1019, in run_command
      cmd_obj.run()
    File "/home/warner/miniconda3/envs/sam3d_obj_4d/lib/python3.11/site-packages/setuptools/command/build_ext.py", line 97, in run
      _build_ext.run(self)
    File "/home/warner/miniconda3/envs/sam3d_obj_4d/lib/python3.11/site-packages/setuptools/_distutils/command/build_ext.py", line 367, in run
      self.build_extensions()
    File "/home/warner/miniconda3/envs/sam3d_obj_4d/lib/python3.11/site-packages/torch/utils/cpp_extension.py", line 520, in build_extensions
      _check_cuda_version(compiler_name, compiler_version)
    File "/home/warner/miniconda3/envs/sam3d_obj_4d/lib/python3.11/site-packages/torch/utils/cpp_extension.py", line 415, in _check_cuda_version
      raise RuntimeError(CUDA_MISMATCH_MESSAGE.format(cuda_str_version, torch.version.cuda))
  RuntimeError:
  The detected CUDA version (13.2) mismatches the version that was used to compile
  PyTorch (12.1). Please make sure to use the same CUDA versions.

  error: subprocess-exited-with-error
  
  × Building wheel for pytorch3d (pyproject.toml) did not run successfully.
  │ exit code: 1
  ╰─> No available output.
  
  note: This error originates from a subprocess, and is likely not a problem with pip.
  full command: /home/warner/miniconda3/envs/sam3d_obj_4d/bin/python3.11 /home/warner/miniconda3/envs/sam3d_obj_4d/lib/python3.11/site-packages/pip/_vendor/pyproject_hooks/_in_process/_in_process.py build_wheel /tmp/tmp_rf54wy3
  cwd: /tmp/pip-req-build-fxsi410v
  Building wheel for pytorch3d (pyproject.toml): finished with status 'error'
  ERROR: Failed building wheel for pytorch3d
Failed to build pytorch3d
error: failed-wheel-build-for-install

× Failed to build installable wheels for some pyproject.toml based projects
╰─> pytorch3d
